MPLINK 4.48, Linker
Linker Map File - Created Sun Oct 07 15:16:14 2018

                                 Section Info
                  Section       Type    Address   Location Size(Bytes)
                ---------  ---------  ---------  ---------  ---------
                   .org_0       code   0x000000    program   0x000000
                   .org_1       code   0x000000    program   0x0000a0
.config_2007_UYGULAMA-4.O       code   0x002007    program   0x000002



                              Program Memory Usage 
                               Start         End      
                           ---------   ---------      
                            0x000000    0x00004f      
                            0x002007    0x002007      
            81 out of 8454 program addresses used, program memory utilization is 0%



                              Symbols - Sorted by Name
                     Name    Address   Location    Storage File                     
                ---------  ---------  ---------  --------- ---------                
                ANA_METOT   0x000001    program     static D:\mikroislemciler\2018GuzDonemi\4.uygulama\uygulama-4.asm
                  KONTROL   0x000015    program     static D:\mikroislemciler\2018GuzDonemi\4.uygulama\uygulama-4.asm
            LED_SONLANDIR   0x00003f    program     static D:\mikroislemciler\2018GuzDonemi\4.uygulama\uygulama-4.asm
              MUTFAK_KAPI   0x000030    program     static D:\mikroislemciler\2018GuzDonemi\4.uygulama\uygulama-4.asm
               MUTFAK_PNC   0x00003c    program     static D:\mikroislemciler\2018GuzDonemi\4.uygulama\uygulama-4.asm
                  O1_KAPI   0x00002a    program     static D:\mikroislemciler\2018GuzDonemi\4.uygulama\uygulama-4.asm
                   O1_PNC   0x000036    program     static D:\mikroislemciler\2018GuzDonemi\4.uygulama\uygulama-4.asm
                  O2_KAPI   0x00002d    program     static D:\mikroislemciler\2018GuzDonemi\4.uygulama\uygulama-4.asm
                   O2_PNC   0x000039    program     static D:\mikroislemciler\2018GuzDonemi\4.uygulama\uygulama-4.asm
               SALON_KAPI   0x000027    program     static D:\mikroislemciler\2018GuzDonemi\4.uygulama\uygulama-4.asm
                SALON_PNC   0x000033    program     static D:\mikroislemciler\2018GuzDonemi\4.uygulama\uygulama-4.asm



                              Symbols - Sorted by Address
                     Name    Address   Location    Storage File                     
                ---------  ---------  ---------  --------- ---------                
                ANA_METOT   0x000001    program     static D:\mikroislemciler\2018GuzDonemi\4.uygulama\uygulama-4.asm
                  KONTROL   0x000015    program     static D:\mikroislemciler\2018GuzDonemi\4.uygulama\uygulama-4.asm
               SALON_KAPI   0x000027    program     static D:\mikroislemciler\2018GuzDonemi\4.uygulama\uygulama-4.asm
                  O1_KAPI   0x00002a    program     static D:\mikroislemciler\2018GuzDonemi\4.uygulama\uygulama-4.asm
                  O2_KAPI   0x00002d    program     static D:\mikroislemciler\2018GuzDonemi\4.uygulama\uygulama-4.asm
              MUTFAK_KAPI   0x000030    program     static D:\mikroislemciler\2018GuzDonemi\4.uygulama\uygulama-4.asm
                SALON_PNC   0x000033    program     static D:\mikroislemciler\2018GuzDonemi\4.uygulama\uygulama-4.asm
                   O1_PNC   0x000036    program     static D:\mikroislemciler\2018GuzDonemi\4.uygulama\uygulama-4.asm
                   O2_PNC   0x000039    program     static D:\mikroislemciler\2018GuzDonemi\4.uygulama\uygulama-4.asm
               MUTFAK_PNC   0x00003c    program     static D:\mikroislemciler\2018GuzDonemi\4.uygulama\uygulama-4.asm
            LED_SONLANDIR   0x00003f    program     static D:\mikroislemciler\2018GuzDonemi\4.uygulama\uygulama-4.asm


