MPLINK 4.48, Linker
Linker Map File - Created Sat Oct 06 20:10:30 2018

                                 Section Info
                  Section       Type    Address   Location Size(Bytes)
                ---------  ---------  ---------  ---------  ---------
                   .org_0       code   0x000000    program   0x000000
                   .org_1       code   0x000000    program   0x000034
.config_2007_UYGULAMA-3.O       code   0x002007    program   0x000002



                              Program Memory Usage 
                               Start         End      
                           ---------   ---------      
                            0x000000    0x000019      
                            0x002007    0x002007      
            27 out of 8454 program addresses used, program memory utilization is 0%



                              Symbols - Sorted by Name
                     Name    Address   Location    Storage File                     
                ---------  ---------  ---------  --------- ---------                
                ANA_METOT   0x000001    program     static D:\mikroislemciler\2018GuzDonemi\3.uygulama\uygulama-3.asm
                  KONTROL   0x00000d    program     static D:\mikroislemciler\2018GuzDonemi\3.uygulama\uygulama-3.asm
                   LED_D0   0x000013    program     static D:\mikroislemciler\2018GuzDonemi\3.uygulama\uygulama-3.asm
                   LED_D1   0x000015    program     static D:\mikroislemciler\2018GuzDonemi\3.uygulama\uygulama-3.asm
               LED_SONDUR   0x000017    program     static D:\mikroislemciler\2018GuzDonemi\3.uygulama\uygulama-3.asm



                              Symbols - Sorted by Address
                     Name    Address   Location    Storage File                     
                ---------  ---------  ---------  --------- ---------                
                ANA_METOT   0x000001    program     static D:\mikroislemciler\2018GuzDonemi\3.uygulama\uygulama-3.asm
                  KONTROL   0x00000d    program     static D:\mikroislemciler\2018GuzDonemi\3.uygulama\uygulama-3.asm
                   LED_D0   0x000013    program     static D:\mikroislemciler\2018GuzDonemi\3.uygulama\uygulama-3.asm
                   LED_D1   0x000015    program     static D:\mikroislemciler\2018GuzDonemi\3.uygulama\uygulama-3.asm
               LED_SONDUR   0x000017    program     static D:\mikroislemciler\2018GuzDonemi\3.uygulama\uygulama-3.asm


