MPLINK 4.49, Linker
Linker Map File - Created Fri Oct 19 14:23:17 2018

                                 Section Info
                  Section       Type    Address   Location Size(Bytes)
                ---------  ---------  ---------  ---------  ---------
                   .org_0       code   0x000000    program   0x00001c
                   .cinit    romdata   0x00000e    program   0x000004
.config_2007_UYGULAMA-15.O       code   0x002007    program   0x000002



                              Program Memory Usage 
                               Start         End      
                           ---------   ---------      
                            0x000000    0x00000f      
                            0x002007    0x002007      
            17 out of 8454 program addresses used, program memory utilization is 0%



                              Symbols - Sorted by Name
                     Name    Address   Location    Storage File                     
                ---------  ---------  ---------  --------- ---------                
                ANA_METOT   0x000001    program     static D:\mikroislemciler\2018GuzDonemi\15.uygulama\uygulama-15.asm
                    DONGU   0x000008    program     static D:\mikroislemciler\2018GuzDonemi\15.uygulama\uygulama-15.asm
                 TEKRAR_0   0x00000c    program     static D:\mikroislemciler\2018GuzDonemi\15.uygulama\uygulama-15.asm



                              Symbols - Sorted by Address
                     Name    Address   Location    Storage File                     
                ---------  ---------  ---------  --------- ---------                
                ANA_METOT   0x000001    program     static D:\mikroislemciler\2018GuzDonemi\15.uygulama\uygulama-15.asm
                    DONGU   0x000008    program     static D:\mikroislemciler\2018GuzDonemi\15.uygulama\uygulama-15.asm
                 TEKRAR_0   0x00000c    program     static D:\mikroislemciler\2018GuzDonemi\15.uygulama\uygulama-15.asm


