MPLINK 4.48, Linker
Linker Map File - Created Sun Oct 07 18:46:04 2018

                                 Section Info
                  Section       Type    Address   Location Size(Bytes)
                ---------  ---------  ---------  ---------  ---------
                   .org_0       code   0x000000    program   0x000000
                   .org_1       code   0x000000    program   0x000040
.config_2007_UYGULAMA-5.O       code   0x002007    program   0x000002



                              Program Memory Usage 
                               Start         End      
                           ---------   ---------      
                            0x000000    0x00001f      
                            0x002007    0x002007      
            33 out of 8454 program addresses used, program memory utilization is 0%



                              Symbols - Sorted by Name
                     Name    Address   Location    Storage File                     
                ---------  ---------  ---------  --------- ---------                
                ANA_METOT   0x000001    program     static D:\mikroislemciler\2018GuzDonemi\5.uygulama\uygulama-5.asm
                   DONGU1   0x000019    program     static D:\mikroislemciler\2018GuzDonemi\5.uygulama\uygulama-5.asm
                   DONGU2   0x00001b    program     static D:\mikroislemciler\2018GuzDonemi\5.uygulama\uygulama-5.asm
                  GECIKME   0x000017    program     static D:\mikroislemciler\2018GuzDonemi\5.uygulama\uygulama-5.asm
                  KONTROL   0x00000c    program     static D:\mikroislemciler\2018GuzDonemi\5.uygulama\uygulama-5.asm
                  LED_SAG   0x000011    program     static D:\mikroislemciler\2018GuzDonemi\5.uygulama\uygulama-5.asm
                  LED_SOL   0x000014    program     static D:\mikroislemciler\2018GuzDonemi\5.uygulama\uygulama-5.asm



                              Symbols - Sorted by Address
                     Name    Address   Location    Storage File                     
                ---------  ---------  ---------  --------- ---------                
                ANA_METOT   0x000001    program     static D:\mikroislemciler\2018GuzDonemi\5.uygulama\uygulama-5.asm
                  KONTROL   0x00000c    program     static D:\mikroislemciler\2018GuzDonemi\5.uygulama\uygulama-5.asm
                  LED_SAG   0x000011    program     static D:\mikroislemciler\2018GuzDonemi\5.uygulama\uygulama-5.asm
                  LED_SOL   0x000014    program     static D:\mikroislemciler\2018GuzDonemi\5.uygulama\uygulama-5.asm
                  GECIKME   0x000017    program     static D:\mikroislemciler\2018GuzDonemi\5.uygulama\uygulama-5.asm
                   DONGU1   0x000019    program     static D:\mikroislemciler\2018GuzDonemi\5.uygulama\uygulama-5.asm
                   DONGU2   0x00001b    program     static D:\mikroislemciler\2018GuzDonemi\5.uygulama\uygulama-5.asm


