MPLINK 4.48, Linker
Linker Map File - Created Fri Oct 05 17:02:28 2018

                                 Section Info
                  Section       Type    Address   Location Size(Bytes)
                ---------  ---------  ---------  ---------  ---------
                   .org_0       code   0x000000    program   0x000000
                   .org_1       code   0x000000    program   0x00002e



                              Program Memory Usage 
                               Start         End      
                           ---------   ---------      
                            0x000000    0x000016      
            23 out of 8454 program addresses used, program memory utilization is 0%



                              Symbols - Sorted by Name
                     Name    Address   Location    Storage File                     
                ---------  ---------  ---------  --------- ---------                
                ANA_METOT   0x000001    program     static D:\mikroislemciler\2018GuzDonemi\2.uygulama\uygulama-2.asm
                  LED_SAG   0x000013    program     static D:\mikroislemciler\2018GuzDonemi\2.uygulama\uygulama-2.asm
                  LED_SOL   0x000015    program     static D:\mikroislemciler\2018GuzDonemi\2.uygulama\uygulama-2.asm
              SAG_KONTROL   0x00000d    program     static D:\mikroislemciler\2018GuzDonemi\2.uygulama\uygulama-2.asm
              SOL_KONTROL   0x000010    program     static D:\mikroislemciler\2018GuzDonemi\2.uygulama\uygulama-2.asm



                              Symbols - Sorted by Address
                     Name    Address   Location    Storage File                     
                ---------  ---------  ---------  --------- ---------                
                ANA_METOT   0x000001    program     static D:\mikroislemciler\2018GuzDonemi\2.uygulama\uygulama-2.asm
              SAG_KONTROL   0x00000d    program     static D:\mikroislemciler\2018GuzDonemi\2.uygulama\uygulama-2.asm
              SOL_KONTROL   0x000010    program     static D:\mikroislemciler\2018GuzDonemi\2.uygulama\uygulama-2.asm
                  LED_SAG   0x000013    program     static D:\mikroislemciler\2018GuzDonemi\2.uygulama\uygulama-2.asm
                  LED_SOL   0x000015    program     static D:\mikroislemciler\2018GuzDonemi\2.uygulama\uygulama-2.asm


