MPLINK 4.48, Linker
Linker Map File - Created Mon Oct 08 18:15:50 2018

                                 Section Info
                  Section       Type    Address   Location Size(Bytes)
                ---------  ---------  ---------  ---------  ---------
                   .org_0       code   0x000000    program   0x000000
                   .org_1       code   0x000000    program   0x000040
.config_2007_UYGULAMA-8.O       code   0x002007    program   0x000002



                              Program Memory Usage 
                               Start         End      
                           ---------   ---------      
                            0x000000    0x00001f      
                            0x002007    0x002007      
            33 out of 8454 program addresses used, program memory utilization is 0%



                              Symbols - Sorted by Name
                     Name    Address   Location    Storage File                     
                ---------  ---------  ---------  --------- ---------                
                ANA_METOT   0x000001    program     static D:\mikroislemciler\2018GuzDonemi\8.uygulama\uygulama-8.asm
                  GECIKME   0x000017    program     static D:\mikroislemciler\2018GuzDonemi\8.uygulama\uygulama-8.asm
                  KONTROL   0x00000c    program     static D:\mikroislemciler\2018GuzDonemi\8.uygulama\uygulama-8.asm
                LED_ARTIR   0x000011    program     static D:\mikroislemciler\2018GuzDonemi\8.uygulama\uygulama-8.asm
                LED_AZALT   0x000014    program     static D:\mikroislemciler\2018GuzDonemi\8.uygulama\uygulama-8.asm
                   TEKRAR   0x000019    program     static D:\mikroislemciler\2018GuzDonemi\8.uygulama\uygulama-8.asm
                 TEKRAR_2   0x00001b    program     static D:\mikroislemciler\2018GuzDonemi\8.uygulama\uygulama-8.asm



                              Symbols - Sorted by Address
                     Name    Address   Location    Storage File                     
                ---------  ---------  ---------  --------- ---------                
                ANA_METOT   0x000001    program     static D:\mikroislemciler\2018GuzDonemi\8.uygulama\uygulama-8.asm
                  KONTROL   0x00000c    program     static D:\mikroislemciler\2018GuzDonemi\8.uygulama\uygulama-8.asm
                LED_ARTIR   0x000011    program     static D:\mikroislemciler\2018GuzDonemi\8.uygulama\uygulama-8.asm
                LED_AZALT   0x000014    program     static D:\mikroislemciler\2018GuzDonemi\8.uygulama\uygulama-8.asm
                  GECIKME   0x000017    program     static D:\mikroislemciler\2018GuzDonemi\8.uygulama\uygulama-8.asm
                   TEKRAR   0x000019    program     static D:\mikroislemciler\2018GuzDonemi\8.uygulama\uygulama-8.asm
                 TEKRAR_2   0x00001b    program     static D:\mikroislemciler\2018GuzDonemi\8.uygulama\uygulama-8.asm


