MPLINK 4.49, Linker
Linker Map File - Created Sat Oct 20 21:34:27 2018

                                 Section Info
                  Section       Type    Address   Location Size(Bytes)
                ---------  ---------  ---------  ---------  ---------
                   .org_0       code   0x000000    program   0x000000
                   .org_1       code   0x000000    program   0x000042
.config_2007_UYGULAMA-13.O       code   0x002007    program   0x000002



                              Program Memory Usage 
                               Start         End      
                           ---------   ---------      
                            0x000000    0x000020      
                            0x002007    0x002007      
            34 out of 8454 program addresses used, program memory utilization is 0%



                              Symbols - Sorted by Name
                     Name    Address   Location    Storage File                     
                ---------  ---------  ---------  --------- ---------                
                ANA_METOT   0x000001    program     static D:\mikroislemciler\2018GuzDonemi\13.uygulama\uygulama-13.asm
                  GECIKME   0x000018    program     static D:\mikroislemciler\2018GuzDonemi\13.uygulama\uygulama-13.asm
                   TEKRAR   0x00001a    program     static D:\mikroislemciler\2018GuzDonemi\13.uygulama\uygulama-13.asm
                  TEKRAR2   0x00001c    program     static D:\mikroislemciler\2018GuzDonemi\13.uygulama\uygulama-13.asm
                 TOPLAM_H   0x000015    program     static D:\mikroislemciler\2018GuzDonemi\13.uygulama\uygulama-13.asm
                 TOPLAM_L   0x000010    program     static D:\mikroislemciler\2018GuzDonemi\13.uygulama\uygulama-13.asm



                              Symbols - Sorted by Address
                     Name    Address   Location    Storage File                     
                ---------  ---------  ---------  --------- ---------                
                ANA_METOT   0x000001    program     static D:\mikroislemciler\2018GuzDonemi\13.uygulama\uygulama-13.asm
                 TOPLAM_L   0x000010    program     static D:\mikroislemciler\2018GuzDonemi\13.uygulama\uygulama-13.asm
                 TOPLAM_H   0x000015    program     static D:\mikroislemciler\2018GuzDonemi\13.uygulama\uygulama-13.asm
                  GECIKME   0x000018    program     static D:\mikroislemciler\2018GuzDonemi\13.uygulama\uygulama-13.asm
                   TEKRAR   0x00001a    program     static D:\mikroislemciler\2018GuzDonemi\13.uygulama\uygulama-13.asm
                  TEKRAR2   0x00001c    program     static D:\mikroislemciler\2018GuzDonemi\13.uygulama\uygulama-13.asm


