MPLINK 4.48, Linker
Linker Map File - Created Fri Oct 05 15:59:57 2018

                                 Section Info
                  Section       Type    Address   Location Size(Bytes)
                ---------  ---------  ---------  ---------  ---------
                   .org_0       code   0x000000    program   0x000000
                   .org_1       code   0x000000    program   0x000024



                              Program Memory Usage 
                               Start         End      
                           ---------   ---------      
                            0x000000    0x000011      
            18 out of 8454 program addresses used, program memory utilization is 0%



                              Symbols - Sorted by Name
                     Name    Address   Location    Storage File                     
                ---------  ---------  ---------  --------- ---------                
                ANA_METOT   0x000001    program     static D:\mikroislemciler\2018GuzDonemi\1.uygulama\uygulama-1.asm
                  KONTROL   0x00000b    program     static D:\mikroislemciler\2018GuzDonemi\1.uygulama\uygulama-1.asm
                  LED_SON   0x000010    program     static D:\mikroislemciler\2018GuzDonemi\1.uygulama\uygulama-1.asm
                  LED_YAK   0x00000e    program     static D:\mikroislemciler\2018GuzDonemi\1.uygulama\uygulama-1.asm



                              Symbols - Sorted by Address
                     Name    Address   Location    Storage File                     
                ---------  ---------  ---------  --------- ---------                
                ANA_METOT   0x000001    program     static D:\mikroislemciler\2018GuzDonemi\1.uygulama\uygulama-1.asm
                  KONTROL   0x00000b    program     static D:\mikroislemciler\2018GuzDonemi\1.uygulama\uygulama-1.asm
                  LED_YAK   0x00000e    program     static D:\mikroislemciler\2018GuzDonemi\1.uygulama\uygulama-1.asm
                  LED_SON   0x000010    program     static D:\mikroislemciler\2018GuzDonemi\1.uygulama\uygulama-1.asm


