MPLINK 4.48, Linker
Linker Map File - Created Sun Oct 14 14:52:13 2018

                                 Section Info
                  Section       Type    Address   Location Size(Bytes)
                ---------  ---------  ---------  ---------  ---------
                   .org_0       code   0x000000    program   0x000000
                   .org_1       code   0x000000    program   0x00002c
.config_2007_UYGULAMA-10.O       code   0x002007    program   0x000002



                              Program Memory Usage 
                               Start         End      
                           ---------   ---------      
                            0x000000    0x000015      
                            0x002007    0x002007      
            23 out of 8454 program addresses used, program memory utilization is 0%



                              Symbols - Sorted by Name
                     Name    Address   Location    Storage File                     
                ---------  ---------  ---------  --------- ---------                
                ANA_METOT   0x000001    program     static D:\mikroislemciler\2018GuzDonemi\10.uygulama\uygulama-10.asm
                  KONTROL   0x00000f    program     static D:\mikroislemciler\2018GuzDonemi\10.uygulama\uygulama-10.asm
                TASMA_VAR   0x000012    program     static D:\mikroislemciler\2018GuzDonemi\10.uygulama\uygulama-10.asm
                TASMA_YOK   0x000014    program     static D:\mikroislemciler\2018GuzDonemi\10.uygulama\uygulama-10.asm



                              Symbols - Sorted by Address
                     Name    Address   Location    Storage File                     
                ---------  ---------  ---------  --------- ---------                
                ANA_METOT   0x000001    program     static D:\mikroislemciler\2018GuzDonemi\10.uygulama\uygulama-10.asm
                  KONTROL   0x00000f    program     static D:\mikroislemciler\2018GuzDonemi\10.uygulama\uygulama-10.asm
                TASMA_VAR   0x000012    program     static D:\mikroislemciler\2018GuzDonemi\10.uygulama\uygulama-10.asm
                TASMA_YOK   0x000014    program     static D:\mikroislemciler\2018GuzDonemi\10.uygulama\uygulama-10.asm


