MPLINK 4.49, Linker
Linker Map File - Created Mon Oct 22 15:25:31 2018

                                 Section Info
                  Section       Type    Address   Location Size(Bytes)
                ---------  ---------  ---------  ---------  ---------
                   .org_0       code   0x000000    program   0x000000
                   .org_1       code   0x000000    program   0x00003a
.config_2007_UYGULAMA-18.O       code   0x002007    program   0x000002



                              Program Memory Usage 
                               Start         End      
                           ---------   ---------      
                            0x000000    0x00001c      
                            0x002007    0x002007      
            30 out of 8454 program addresses used, program memory utilization is 0%



                              Symbols - Sorted by Name
                     Name    Address   Location    Storage File                     
                ---------  ---------  ---------  --------- ---------                
                ANA_METOT   0x000001    program     static D:\mikroislemciler\2018GuzDonemi\18.uygulama\uygulama-18.asm
                  GECIKME   0x000014    program     static D:\mikroislemciler\2018GuzDonemi\18.uygulama\uygulama-18.asm
                  KONTROL   0x00000f    program     static D:\mikroislemciler\2018GuzDonemi\18.uygulama\uygulama-18.asm
                   TEKRAR   0x000016    program     static D:\mikroislemciler\2018GuzDonemi\18.uygulama\uygulama-18.asm
                 TEKRAR_2   0x000018    program     static D:\mikroislemciler\2018GuzDonemi\18.uygulama\uygulama-18.asm



                              Symbols - Sorted by Address
                     Name    Address   Location    Storage File                     
                ---------  ---------  ---------  --------- ---------                
                ANA_METOT   0x000001    program     static D:\mikroislemciler\2018GuzDonemi\18.uygulama\uygulama-18.asm
                  KONTROL   0x00000f    program     static D:\mikroislemciler\2018GuzDonemi\18.uygulama\uygulama-18.asm
                  GECIKME   0x000014    program     static D:\mikroislemciler\2018GuzDonemi\18.uygulama\uygulama-18.asm
                   TEKRAR   0x000016    program     static D:\mikroislemciler\2018GuzDonemi\18.uygulama\uygulama-18.asm
                 TEKRAR_2   0x000018    program     static D:\mikroislemciler\2018GuzDonemi\18.uygulama\uygulama-18.asm


